[?1049h[1;71r(B[m[4l[?7h[?12l[?25h[?1h=[?1h=[?1h=[39;49m[39;49m(B[m[H[2J(B[0;7m  GNU nano 2.0.6        File: ubuntu-bionic-18.04-cloudimg-console.log                      [3;1H(B[m[    0.000000] Linux version 4.15.0-142-generic (buildd@lgw01-amd64-036) (gcc version 7.5.0$[4;1H[    0.000000] Command line: BOOT_IMAGE=/boot/vmlinuz-4.15.0-142-generic root=LABEL=cloudim$[5;1H[    0.000000] KERNEL supported cpus:[6d[    0.000000]   Intel GenuineIntel[7d[    0.000000]   AMD AuthenticAMD[8d[    0.000000]   Centaur CentaurHauls[9d[    0.000000] x86/fpu: Supporting XSAVE feature 0x001: 'x87 floating point registers'[10d[    0.000000] x86/fpu: Supporting XSAVE feature 0x002: 'SSE registers'[11d[    0.000000] x86/fpu: Supporting XSAVE feature 0x004: 'AVX registers'[12d[    0.000000] x86/fpu: xstate_offset[2]:  576, xstate_sizes[2]:  256[13d[    0.000000] x86/fpu: Enabled xstate features 0x7, context size is 832 bytes, using 'stan$[14;1H[    0.000000] e820: BIOS-provided physical RAM map:[15d[    0.000000] BIOS-e820: [mem 0x0000000000000000-0x000000000009fbff] usable[16d[    0.000000] BIOS-e820: [mem 0x000000000009fc00-0x000000000009ffff] reserved[17d[    0.000000] BIOS-e820: [mem 0x00000000000f0000-0x00000000000fffff] reserved[18d[    0.000000] BIOS-e820: [mem 0x0000000000100000-0x000000007ffeffff] usable[19d[    0.000000] BIOS-e820: [mem 0x000000007fff0000-0x000000007fffffff] ACPI data[20d[    0.000000] BIOS-e820: [mem 0x00000000fec00000-0x00000000fec00fff] reserved[21d[    0.000000] BIOS-e820: [mem 0x00000000fee00000-0x00000000fee00fff] reserved[22d[    0.000000] BIOS-e820: [mem 0x00000000fffc0000-0x00000000ffffffff] reserved[23d[    0.000000] NX (Execute Disable) protection: active[24d[    0.000000] SMBIOS 2.5 present.[25d[    0.000000] DMI: innotek GmbH VirtualBox/VirtualBox, BIOS VirtualBox 12/01/2006[26d[    0.000000] Hypervisor detected: KVM[27d[    0.000000] e820: last_pfn = 0x7fff0 max_arch_pfn = 0x400000000[28d[    0.000000] MTRR: Disabled[29d[    0.000000] x86/PAT: MTRRs disabled, skipping PAT initialization too.[30d[    0.000000] CPU MTRRs all blank - virtualized system.[31d[    0.000000] x86/PAT: Configuration [0-7]: WB  WT  UC- UC  WB  WT  UC- UC[32d[    0.000000] found SMP MP-table at [mem 0x0009fff0-0x0009ffff][33d[    0.000000] Scanning 1 areas for low memory corruption[34d[    0.000000] RAMDISK: [mem 0x359cd000-0x36cddfff][35d[    0.000000] ACPI: Early table checksum verification disabled[36d[    0.000000] ACPI: RSDP 0x00000000000E0000 000024 (v02 VBOX  )[37d[    0.000000] ACPI: XSDT 0x000000007FFF0030 00003C (v01 VBOX   VBOXXSDT 00000001 ASL  0000$[38;1H[    0.000000] ACPI: FACP 0x000000007FFF00F0 0000F4 (v04 VBOX   VBOXFACP 00000001 ASL  0000$[39;1H[    0.000000] ACPI: DSDT 0x000000007FFF0480 002325 (v02 VBOX   VBOXBIOS 00000002 INTL 2012$[40;1H[    0.000000] ACPI: FACS 0x000000007FFF0200 000040[41d[    0.000000] ACPI: FACS 0x000000007FFF0200 000040[42d[    0.000000] ACPI: APIC 0x000000007FFF0240 00006C (v02 VBOX   VBOXAPIC 00000001 ASL  0000$[43;1H[    0.000000] ACPI: SSDT 0x000000007FFF02B0 0001CC (v01 VBOX   VBOXCPUT 00000002 INTL 2012$[44;1H[    0.000000] No NUMA configuration found[45d[    0.000000] Faking a node at [mem 0x0000000000000000-0x000000007ffeffff][46d[    0.000000] NODE_DATA(0) allocated [mem 0x7ffc5000-0x7ffeffff][47d[    0.000000] kvm-clock: cpu 0, msr 0:7ff44001, primary cpu clock[48d[    0.000000] kvm-clock: Using msrs 4b564d01 and 4b564d00[49d[    0.000000] kvm-clock: using sched offset of 3942219518 cycles[50d[    0.000000] clocksource: kvm-clock: mask: 0xffffffffffffffff max_cycles: 0x1cd42e4dffb, $[51;1H[    0.000000] Zone ranges:[52d[    0.000000]   DMA[27G[mem 0x0000000000001000-0x0000000000ffffff][53d[    0.000000]   DMA32    [mem 0x0000000001000000-0x000000007ffeffff][54d[    0.000000]   Normal   empty[55d[    0.000000]   Device   empty[56d[    0.000000] Movable zone start for each node[57d[    0.000000] Early memory node ranges[58d[    0.000000]   node   0: [mem 0x0000000000001000-0x000000000009efff][59d[    0.000000]   node   0: [mem 0x0000000000100000-0x000000007ffeffff][60d[    0.000000] Reserved but unavailable: 98 pages[61d[    0.000000] Initmem setup node 0 [mem 0x0000000000001000-0x000000007ffeffff][62d[    0.000000] ACPI: PM-Timer IO Port: 0x4008[63d[    0.000000] IOAPIC[0]: apic_id 4, version 32, address 0xfec00000, GSI 0-23[64d[    0.000000] ACPI: INT_SRC_OVR (bus 0 bus_irq 0 global_irq 2 dfl dfl)[65d[    0.000000] ACPI: INT_SRC_OVR (bus 0 bus_irq 9 global_irq 9 low level)[66d[    0.000000] Using ACPI (MADT) for SMP configuration information[67d[    0.000000] smpboot: Allowing 4 CPUs, 0 hotplug CPUs[68d[    0.000000] PM: Registered nosave memory: [mem 0x00000000-0x00000fff][69;19H(B[0;7m[ Read 1427 lines (Converted from DOS and Mac format) ][70d^G(B[m Get Help    (B[0;7m^O(B[m WriteOut    (B[0;7m^R(B[m Read File   (B[0;7m^Y(B[m Prev Page   (B[0;7m^K(B[m Cut Text    (B[0;7m^C(B[m Cur Pos[71d(B[0;7m^X(B[m Exit[71;16H(B[0;7m^J(B[m Justify     (B[0;7m^W(B[m Where Is    (B[0;7m^V(B[m Next Page   (B[0;7m^U(B[m UnCut Text  (B[0;7m^T(B[m To Spell[3d[69;21H(B[0;7mline 1/1427 (0%), col 1/208 (0%), char 0/90609 (0%[3d(B[m[70d[J[71;92H[71;1H[?1049l[?1l>ubuntu-bionic-18.04-cloudimg-console.log
.vagrant/
ubuntu-bionic-18.04-cloudimg-console.log
